""" - Triple quotes is a valid sequence in nim (Run string.nim)

